[33m[dry-run] [0mComputer says yes \o/ 
[33m[dry-run] [0m
[33m[dry-run] [0mtext matrix
[33m[dry-run] [0m
[33m[dry-run] [0msome reason
[33m[dry-run] [0m
[33m[dry-run] [0m[32mDry run enabled - ignoring any failures[0m