[33m[dry-run] [0mComputer says no Â¯\_(ãƒ„)_/Â¯ (but you're ignoring this by enabling dry run)
[33m[dry-run] [0m
[33m[dry-run] [0mtext matrix
[33m[dry-run] [0m
[33m[dry-run] [0msome reason
[33m[dry-run] [0m
[33m[dry-run] [0m[32mDry run enabled - ignoring any failures[0m