Name: Pricing Service
Repository Url: git@git.realestate.com.au:business-systems/pricing-service
