UUID                                 | NAME | DISPLAY NAME | PRODUCTION
-------------------------------------|------|--------------|-----------
78e85fb2-9df1-48da-817e-c9bea6294e01 | test | Test         | false     